{
    "Should align reads to the reference using STAR (uncompressed annotation)": {
        "content": [
            [
                [
                    "sample1",
                    "test1",
                    "sample1_m4_n10_toGenome.bam:md5,4f919efd42c545e1ebdbb8a9780097e8",
                    "bam",
                    "GenomeAlignments",
                    true
                ]
            ],
            [
                
            ],
            [
                [
                    "sample1",
                    "test1",
                    "sample1_m4_n10_toTranscriptome.bam:md5,e6a72cca10b1ac084ff2ae4f572987b8",
                    "bam",
                    "TranscriptomeAlignments",
                    true
                ]
            ],
            [
                [
                    "sample1",
                    "test1",
                    "SJ.out.tab:md5,ec651e0f3bc8338345aa15c8f74038c2",
                    "tsv",
                    "STARjunctions",
                    true
                ]
            ]
        ],
        "meta": {
            "nf-test": "0.8.4",
            "nextflow": "23.10.1"
        },
        "timestamp": "2024-04-23T23:19:28.403716"
    },
    "Should align reads to the reference using STAR (compressed annotation)": {
        "content": [
            [
                [
                    "sample1",
                    "test1",
                    "sample1_m4_n10_toGenome.bam:md5,4f919efd42c545e1ebdbb8a9780097e8",
                    "bam",
                    "GenomeAlignments",
                    true
                ]
            ],
            [
                
            ],
            [
                [
                    "sample1",
                    "test1",
                    "sample1_m4_n10_toTranscriptome.bam:md5,e6a72cca10b1ac084ff2ae4f572987b8",
                    "bam",
                    "TranscriptomeAlignments",
                    true
                ]
            ],
            [
                [
                    "sample1",
                    "test1",
                    "SJ.out.tab:md5,ec651e0f3bc8338345aa15c8f74038c2",
                    "tsv",
                    "STARjunctions",
                    true
                ]
            ]
        ],
        "meta": {
            "nf-test": "0.8.4",
            "nextflow": "23.10.1"
        },
        "timestamp": "2024-04-23T23:11:13.889531"
    }
}