{
    "Should merge BAM files using samtools": {
        "content": [
            {
                "0": [
                    [
                        "sample2",
                        "test2:test3",
                        "sample2_m4_n10_toGenome.bam:md5,9c721443896d97df3f2151ce5397c512",
                        "bam",
                        "GenomeAlignments",
                        true
                    ]
                ]
            }
        ],
        "meta": {
            "nf-test": "0.8.4",
            "nextflow": "24.04.2"
        },
        "timestamp": "2024-06-17T16:44:46.900499"
    }
}