{
    "Should run quantification with RSEM (with credibility intervals)": {
        "content": [
            {
                "0": [
                    [
                        "sample3",
                        "test3",
                        "sample3.genes.results:md5,568855cd154369988f0e9120660dcea6",
                        "tsv",
                        "GeneQuantifications",
                        true,
                        "MATE2_SENSE"
                    ]
                ],
                "1": [
                    [
                        "sample3",
                        "test3",
                        "sample3.isoforms.results:md5,a2ddfd7d7919830d69f941176ddff86f",
                        "tsv",
                        "TranscriptQuantifications",
                        true,
                        "MATE2_SENSE"
                    ]
                ],
                "genes": [
                    [
                        "sample3",
                        "test3",
                        "sample3.genes.results:md5,568855cd154369988f0e9120660dcea6",
                        "tsv",
                        "GeneQuantifications",
                        true,
                        "MATE2_SENSE"
                    ]
                ],
                "isoforms": [
                    [
                        "sample3",
                        "test3",
                        "sample3.isoforms.results:md5,a2ddfd7d7919830d69f941176ddff86f",
                        "tsv",
                        "TranscriptQuantifications",
                        true,
                        "MATE2_SENSE"
                    ]
                ]
            }
        ],
        "meta": {
            "nf-test": "0.8.4",
            "nextflow": "23.10.1"
        },
        "timestamp": "2024-04-30T17:55:23.922489"
    },
    "Should run quantification with RSEM": {
        "content": [
            {
                "0": [
                    [
                        "sample3",
                        "test3",
                        "sample3.genes.results:md5,d76a7103c9d815fa46dc7b3ab38ae4b1",
                        "tsv",
                        "GeneQuantifications",
                        true,
                        "MATE2_SENSE"
                    ]
                ],
                "1": [
                    [
                        "sample3",
                        "test3",
                        "sample3.isoforms.results:md5,2f825c2b612114534df653ec4c172c18",
                        "tsv",
                        "TranscriptQuantifications",
                        true,
                        "MATE2_SENSE"
                    ]
                ],
                "genes": [
                    [
                        "sample3",
                        "test3",
                        "sample3.genes.results:md5,d76a7103c9d815fa46dc7b3ab38ae4b1",
                        "tsv",
                        "GeneQuantifications",
                        true,
                        "MATE2_SENSE"
                    ]
                ],
                "isoforms": [
                    [
                        "sample3",
                        "test3",
                        "sample3.isoforms.results:md5,2f825c2b612114534df653ec4c172c18",
                        "tsv",
                        "TranscriptQuantifications",
                        true,
                        "MATE2_SENSE"
                    ]
                ]
            }
        ],
        "meta": {
            "nf-test": "0.8.4",
            "nextflow": "23.10.1"
        },
        "timestamp": "2024-05-02T17:01:27.333102"
    }
}