{
    "Should produce the fasta index": {
        "content": [
            {
                "0": [
                    "genome.fa.fai:md5,12d36d122df8dfe8fcfc96d78f785328"
                ]
            }
        ],
        "meta": {
            "nf-test": "0.8.4",
            "nextflow": "23.10.1"
        },
        "timestamp": "2024-04-16T11:50:45.127291"
    }
}